// Jest Snapshot v1, https://goo.gl/fbAQLP

exports[`BrightnessContrastEffect should decrease brightness correctly 1`] = `ImageData(10, 10, [50, 100, 150, 255, 50, 100, 150, 255, 50, 100...])`;

exports[`BrightnessContrastEffect should handle combined brightness and contrast correctly 1`] = `ImageData(10, 10, [126, 165, 205, 255, 126, 165, 205, 255, 126, 165...])`;

exports[`BrightnessContrastEffect should increase brightness correctly 1`] = `ImageData(10, 10, [150, 200, 250, 255, 150, 200, 250, 255, 150, 200...])`;

exports[`BrightnessContrastEffect should increase contrast correctly 1`] = `ImageData(10, 10, [86, 161, 235, 255, 86, 161, 235, 255, 86, 161...])`;
