// Jest Snapshot v1, https://goo.gl/fbAQLP

exports[`InvertEffect should invert colors correctly 1`] = `ImageData { width: 200, height: 200, data: [155, 105, 55, 255, 155, 105, 55, 255, 155, 105...], length: 160000 }`;

exports[`InvertEffect should invert colors correctly at 50% intensity 1`] = `ImageData { width: 200, height: 200, data: [128, 128, 128, 255, 128, 128, 128, 255, 128, 128...], length: 160000 }`;
